C:\Users\vivek>jshell
|  Welcome to JShell -- Version 19
|  For an introduction type: /help intro

jshell> String print(String name){
   ...>     return name+' '+name;
   ...> }
|  created method print(String)

jshell> print("Vivek");
$2 ==> "Vivek Vivek"

jshell> String print2(String fname, String lname){
   ...>     return "First Name: " + fname;
   ...> }
|  created method print2(String,String)

jshell> print2("Vivek")
|  Error:
|  method print2 in class  cannot be applied to given types;
|    required: java.lang.String,java.lang.String
|    found:    java.lang.String
|    reason: actual and formal argument lists differ in length
|  print2("Vivek")
|  ^----^

jshell> print2("Vivek","Parmar")
$4 ==> "First Name: Vivek"

jshell> String print3(String fname, String lname){
   ...>     return "First Name: " + fname + "/n" + "Last Name: " + lname;
   ...> }
|  created method print3(String,String)

jshell> print3("Vivek","Parmar")
$6 ==> "First Name: Vivek/nLast Name: Parmar"

jshell> int sum(int a, int b){
   ...>     return a+b;
   ...> }
|  created method sum(int,int)

jshell> sum(6,4)
$8 ==> 10
